------------------------------------------------------------
Timing Analyzer Summary
------------------------------------------------------------

Type  : Setup 'cnter8Bits:inst|lpm_counter:LPM_COUNTER_component|cntr_p4h:auto_generated|safe_q[2]'
Slack : -17.810
TNS   : -182.505

Type  : Setup 'DSP_CONV_PIN'
Slack : -10.821
TNS   : -10.821

Type  : Setup 'inst5|osc_altufm_osc_7v7_component|maxii_ufm_block1|osc'
Slack : 3.828
TNS   : 0.000

Type  : Hold 'cnter8Bits:inst|lpm_counter:LPM_COUNTER_component|cntr_p4h:auto_generated|safe_q[2]'
Slack : -9.021
TNS   : -9.021

Type  : Hold 'inst5|osc_altufm_osc_7v7_component|maxii_ufm_block1|osc'
Slack : -4.186
TNS   : -4.186

Type  : Hold 'DSP_CONV_PIN'
Slack : 1.300
TNS   : 0.000

Type  : Minimum Pulse Width 'DSP_CONV_PIN'
Slack : -2.289
TNS   : -2.289

Type  : Minimum Pulse Width 'cnter8Bits:inst|lpm_counter:LPM_COUNTER_component|cntr_p4h:auto_generated|safe_q[2]'
Slack : 0.161
TNS   : 0.000

Type  : Minimum Pulse Width 'inst5|osc_altufm_osc_7v7_component|maxii_ufm_block1|osc'
Slack : 90.570
TNS   : 0.000

------------------------------------------------------------
