(---------------------------------------------------------------------)
(                                                                     )
(    Allegro Netrev Import Logic                                      )
(                                                                     )
(    Drawing          : Beamforming_PCB_Ver1_0_0.brd                  )
(    Software Version : 16.6-2015S066                                 )
(    Date/Time        : Sat Feb 13 19:48:09 2021                      )
(                                                                     )
(---------------------------------------------------------------------)


------ Directives ------------

Ripup etch:                  No
Ripup delete first segment:  No
Ripup retain bondwire:       No
Ripup symbols:               Always
Missing symbol has error:    No
DRC update:                  Yes
Schematic directory:         'D:\OTHERPROJECTS\BEAMFORMING\BEAMFORMING_HW_TMS320VC5509A\SCHEMATICPCB\allegro'
Design Directory:            'D:/otherProjects/Beamforming/Beamforming_HW_TMS320VC5509A/SchematicPCB/PCB'
Old design name:             'D:/otherProjects/Beamforming/Beamforming_HW_TMS320VC5509A/SchematicPCB/PCB/Beamforming_PCB_Ver1_0_0.brd'
New design name:             'D:/otherProjects/Beamforming/Beamforming_HW_TMS320VC5509A/SchematicPCB/PCB/Beamforming_PCB_Ver1_0_0.brd'

CmdLine: netrev.exe -y 1 -i D:\OTHERPROJECTS\BEAMFORMING\BEAMFORMING_HW_TMS320VC5509A\SCHEMATICPCB\allegro D:\otherProjects\Beamforming\Beamforming_HW_TMS320VC5509A\SchematicPCB\PCB\Beamforming_PCB_Ver1_0_0.brd D:\otherProjects\Beamforming\Beamforming_HW_TMS320VC5509A\SchematicPCB\PCB\Beamforming_PCB_Ver1_0_0.brd

------ Preparing to read pst files ------

Starting to read D:/OTHERPROJECTS/BEAMFORMING/BEAMFORMING_HW_TMS320VC5509A/SCHEMATICPCB/allegro/pstchip.dat 
   Finished reading D:/OTHERPROJECTS/BEAMFORMING/BEAMFORMING_HW_TMS320VC5509A/SCHEMATICPCB/allegro/pstchip.dat (00:00:00.05)
Starting to read D:/OTHERPROJECTS/BEAMFORMING/BEAMFORMING_HW_TMS320VC5509A/SCHEMATICPCB/allegro/pstxprt.dat 
   Finished reading D:/OTHERPROJECTS/BEAMFORMING/BEAMFORMING_HW_TMS320VC5509A/SCHEMATICPCB/allegro/pstxprt.dat (00:00:00.00)
Starting to read D:/OTHERPROJECTS/BEAMFORMING/BEAMFORMING_HW_TMS320VC5509A/SCHEMATICPCB/allegro/pstxnet.dat 
   Finished reading D:/OTHERPROJECTS/BEAMFORMING/BEAMFORMING_HW_TMS320VC5509A/SCHEMATICPCB/allegro/pstxnet.dat (00:00:00.00)

------ Oversights/Warnings/Errors ------


------ Library Paths ------
MODULEPATH =  . 
           C:/cadence/Cadence/Cadence_SPB_16.6-2015/share/local/pcb/modules 

PSMPATH =  . 
           symbols 
           .. 
           ../symbols 
           C:/cadence/Cadence/Cadence_SPB_16.6-2015/share/local/pcb/symbols 
           C:/cadence/Cadence/Cadence_SPB_16.6-2015/share/pcb/pcb_lib/symbols 
           C:/cadence/Cadence/Cadence_SPB_16.6-2015/share/pcb/allegrolib/symbols 
           D:/otherProjects/Beamforming/Beamforming_HW_TMS320VC5509A/pcbPackages/packages/ 

PADPATH =  . 
           symbols 
           .. 
           ../symbols 
           C:/cadence/Cadence/Cadence_SPB_16.6-2015/share/local/pcb/padstacks 
           C:/cadence/Cadence/Cadence_SPB_16.6-2015/share/pcb/pcb_lib/symbols 
           C:/cadence/Cadence/Cadence_SPB_16.6-2015/share/pcb/allegrolib/symbols 
           D:/otherProjects/Beamforming/Beamforming_HW_TMS320VC5509A/pcbPackages/pads/ 


------ Summary Statistics ------


netrev run on Feb 13 19:48:09 2021
   DESIGN NAME : 'TMS320C5509A_DEV_BOARD'
   PACKAGING ON Feb 15 2016 19:53:59

   COMPILE 'logic'
   CHECK_PIN_NAMES OFF
   CROSS_REFERENCE OFF
   FEEDBACK OFF
   INCREMENTAL OFF
   INTERFACE_TYPE PHYSICAL
   MAX_ERRORS 500
   MERGE_MINIMUM 5
   NET_NAME_CHARS '#%&()*+-./:=>?@[]^_`|'
   NET_NAME_LENGTH 24
   OVERSIGHTS ON
   REPLACE_CHECK OFF
   SINGLE_NODE_NETS ON
   SPLIT_MINIMUM 0
   SUPPRESS   20
   WARNINGS ON

 No error detected
 No oversight detected
 No warning detected

cpu time      0:01:41
elapsed time  0:00:01

